Archive member included because of file (symbol)

e:/Develop/uC/AVR/WinAVR_Portable_V14_1/WinAVR-20100110/lib/gcc/avr/4.3.3/avr51\libgcc.a(_exit.o)
                              e:/Develop/uC/AVR/WinAVR_Portable_V14_1/WinAVR-20100110/lib/gcc/avr/4.3.3/../../../../avr/lib/avr51/crtm1284p.o (exit)

Memory Configuration

Name             Origin             Length             Attributes
text             0x00000000         0x00020000         xr
data             0x00800060         0x0000ffa0         rw !x
eeprom           0x00810000         0x00010000         rw !x
fuse             0x00820000         0x00000400         rw !x
lock             0x00830000         0x00000400         rw !x
signature        0x00840000         0x00000400         rw !x
*default*        0x00000000         0xffffffff

Linker script and memory map

Address of section .data set to 0x800100
LOAD e:/Develop/uC/AVR/WinAVR_Portable_V14_1/WinAVR-20100110/lib/gcc/avr/4.3.3/../../../../avr/lib/avr51/crtm1284p.o
LOAD main.o
LOAD e:/Develop/uC/AVR/WinAVR_Portable_V14_1/WinAVR-20100110/lib/gcc/avr/4.3.3/../../../../avr/lib/avr51\libm.a
LOAD e:/Develop/uC/AVR/WinAVR_Portable_V14_1/WinAVR-20100110/lib/gcc/avr/4.3.3/avr51\libgcc.a
LOAD e:/Develop/uC/AVR/WinAVR_Portable_V14_1/WinAVR-20100110/lib/gcc/avr/4.3.3/../../../../avr/lib/avr51\libc.a
LOAD e:/Develop/uC/AVR/WinAVR_Portable_V14_1/WinAVR-20100110/lib/gcc/avr/4.3.3/avr51\libgcc.a

.hash
 *(.hash)

.dynsym
 *(.dynsym)

.dynstr
 *(.dynstr)

.gnu.version
 *(.gnu.version)

.gnu.version_d
 *(.gnu.version_d)

.gnu.version_r
 *(.gnu.version_r)

.rel.init
 *(.rel.init)

.rela.init
 *(.rela.init)

.rel.text
 *(.rel.text)
 *(.rel.text.*)
 *(.rel.gnu.linkonce.t*)

.rela.text
 *(.rela.text)
 *(.rela.text.*)
 *(.rela.gnu.linkonce.t*)

.rel.fini
 *(.rel.fini)

.rela.fini
 *(.rela.fini)

.rel.rodata
 *(.rel.rodata)
 *(.rel.rodata.*)
 *(.rel.gnu.linkonce.r*)

.rela.rodata
 *(.rela.rodata)
 *(.rela.rodata.*)
 *(.rela.gnu.linkonce.r*)

.rel.data
 *(.rel.data)
 *(.rel.data.*)
 *(.rel.gnu.linkonce.d*)

.rela.data
 *(.rela.data)
 *(.rela.data.*)
 *(.rela.gnu.linkonce.d*)

.rel.ctors
 *(.rel.ctors)

.rela.ctors
 *(.rela.ctors)

.rel.dtors
 *(.rel.dtors)

.rela.dtors
 *(.rela.dtors)

.rel.got
 *(.rel.got)

.rela.got
 *(.rela.got)

.rel.bss
 *(.rel.bss)

.rela.bss
 *(.rela.bss)

.rel.plt
 *(.rel.plt)

.rela.plt
 *(.rela.plt)

.text           0x00000000       0xc6
 *(.vectors)
 .vectors       0x00000000       0x8c e:/Develop/uC/AVR/WinAVR_Portable_V14_1/WinAVR-20100110/lib/gcc/avr/4.3.3/../../../../avr/lib/avr51/crtm1284p.o
                0x00000000                __vectors
                0x00000000                __vector_default
 *(.vectors)
 *(.progmem.gcc*)
 *(.progmem*)
                0x0000008c                . = ALIGN (0x2)
                0x0000008c                __trampolines_start = .
 *(.trampolines)
 .trampolines   0x0000008c        0x0 linker stubs
 *(.trampolines*)
                0x0000008c                __trampolines_end = .
 *(.jumptables)
 *(.jumptables*)
 *(.lowtext)
 *(.lowtext*)
                0x0000008c                __ctors_start = .
 *(.ctors)
                0x0000008c                __ctors_end = .
                0x0000008c                __dtors_start = .
 *(.dtors)
                0x0000008c                __dtors_end = .
 SORT(*)(.ctors)
 SORT(*)(.dtors)
 *(.init0)
 .init0         0x0000008c        0x0 e:/Develop/uC/AVR/WinAVR_Portable_V14_1/WinAVR-20100110/lib/gcc/avr/4.3.3/../../../../avr/lib/avr51/crtm1284p.o
                0x0000008c                __init
 *(.init0)
 *(.init1)
 *(.init1)
 *(.init2)
 .init2         0x0000008c        0xc e:/Develop/uC/AVR/WinAVR_Portable_V14_1/WinAVR-20100110/lib/gcc/avr/4.3.3/../../../../avr/lib/avr51/crtm1284p.o
 *(.init2)
 *(.init3)
 *(.init3)
 *(.init4)
 .init4         0x00000098       0x1a e:/Develop/uC/AVR/WinAVR_Portable_V14_1/WinAVR-20100110/lib/gcc/avr/4.3.3/../../../../avr/lib/avr51/crtm1284p.o
                0x00000098                __do_copy_data
 *(.init4)
 *(.init5)
 *(.init5)
 *(.init6)
 *(.init6)
 *(.init7)
 *(.init7)
 *(.init8)
 *(.init8)
 *(.init9)
 .init9         0x000000b2        0x8 e:/Develop/uC/AVR/WinAVR_Portable_V14_1/WinAVR-20100110/lib/gcc/avr/4.3.3/../../../../avr/lib/avr51/crtm1284p.o
 *(.init9)
 *(.text)
 .text          0x000000ba        0x4 e:/Develop/uC/AVR/WinAVR_Portable_V14_1/WinAVR-20100110/lib/gcc/avr/4.3.3/../../../../avr/lib/avr51/crtm1284p.o
                0x000000ba                __vector_22
                0x000000ba                __vector_28
                0x000000ba                __vector_1
                0x000000ba                __vector_32
                0x000000ba                __vector_34
                0x000000ba                __vector_24
                0x000000ba                __vector_12
                0x000000ba                __bad_interrupt
                0x000000ba                __vector_6
                0x000000ba                __vector_31
                0x000000ba                __vector_3
                0x000000ba                __vector_23
                0x000000ba                __vector_30
                0x000000ba                __vector_25
                0x000000ba                __vector_11
                0x000000ba                __vector_13
                0x000000ba                __vector_17
                0x000000ba                __vector_19
                0x000000ba                __vector_7
                0x000000ba                __vector_27
                0x000000ba                __vector_5
                0x000000ba                __vector_33
                0x000000ba                __vector_4
                0x000000ba                __vector_9
                0x000000ba                __vector_2
                0x000000ba                __vector_21
                0x000000ba                __vector_15
                0x000000ba                __vector_29
                0x000000ba                __vector_8
                0x000000ba                __vector_26
                0x000000ba                __vector_14
                0x000000ba                __vector_10
                0x000000ba                __vector_16
                0x000000ba                __vector_18
                0x000000ba                __vector_20
 .text          0x000000be        0x4 main.o
                0x000000be                main
 .text          0x000000c2        0x0 e:/Develop/uC/AVR/WinAVR_Portable_V14_1/WinAVR-20100110/lib/gcc/avr/4.3.3/avr51\libgcc.a(_exit.o)
                0x000000c2                . = ALIGN (0x2)
 *(.text.*)
 .text.libgcc   0x000000c2        0x0 e:/Develop/uC/AVR/WinAVR_Portable_V14_1/WinAVR-20100110/lib/gcc/avr/4.3.3/avr51\libgcc.a(_exit.o)
                0x000000c2                . = ALIGN (0x2)
 *(.fini9)
 .fini9         0x000000c2        0x0 e:/Develop/uC/AVR/WinAVR_Portable_V14_1/WinAVR-20100110/lib/gcc/avr/4.3.3/avr51\libgcc.a(_exit.o)
                0x000000c2                exit
                0x000000c2                _exit
 *(.fini9)
 *(.fini8)
 *(.fini8)
 *(.fini7)
 *(.fini7)
 *(.fini6)
 *(.fini6)
 *(.fini5)
 *(.fini5)
 *(.fini4)
 *(.fini4)
 *(.fini3)
 *(.fini3)
 *(.fini2)
 *(.fini2)
 *(.fini1)
 *(.fini1)
 *(.fini0)
 .fini0         0x000000c2        0x4 e:/Develop/uC/AVR/WinAVR_Portable_V14_1/WinAVR-20100110/lib/gcc/avr/4.3.3/avr51\libgcc.a(_exit.o)
 *(.fini0)
                0x000000c6                _etext = .

.data           0x00800100        0x0 load address 0x000000c6
                0x00800100                PROVIDE (__data_start, .)
 *(.data)
 .data          0x00800100        0x0 e:/Develop/uC/AVR/WinAVR_Portable_V14_1/WinAVR-20100110/lib/gcc/avr/4.3.3/../../../../avr/lib/avr51/crtm1284p.o
 .data          0x00800100        0x0 main.o
 .data          0x00800100        0x0 e:/Develop/uC/AVR/WinAVR_Portable_V14_1/WinAVR-20100110/lib/gcc/avr/4.3.3/avr51\libgcc.a(_exit.o)
 *(.data*)
 *(.rodata)
 *(.rodata*)
 *(.gnu.linkonce.d*)
                0x00800100                . = ALIGN (0x2)
                0x00800100                _edata = .
                0x00800100                PROVIDE (__data_end, .)

.bss            0x00800100        0x0
                0x00800100                PROVIDE (__bss_start, .)
 *(.bss)
 .bss           0x00800100        0x0 e:/Develop/uC/AVR/WinAVR_Portable_V14_1/WinAVR-20100110/lib/gcc/avr/4.3.3/../../../../avr/lib/avr51/crtm1284p.o
 .bss           0x00800100        0x0 main.o
 .bss           0x00800100        0x0 e:/Develop/uC/AVR/WinAVR_Portable_V14_1/WinAVR-20100110/lib/gcc/avr/4.3.3/avr51\libgcc.a(_exit.o)
 *(.bss*)
 *(COMMON)
                0x00800100                PROVIDE (__bss_end, .)
                0x000000c6                __data_load_start = LOADADDR (.data)
                0x000000c6                __data_load_end = (__data_load_start + SIZEOF (.data))

.noinit         0x00800100        0x0
                0x00800100                PROVIDE (__noinit_start, .)
 *(.noinit*)
                0x00800100                PROVIDE (__noinit_end, .)
                0x00800100                _end = .
                0x00800100                PROVIDE (__heap_start, .)

.eeprom         0x00810000        0x0
 *(.eeprom*)
                0x00810000                __eeprom_end = .

.fuse
 *(.fuse)
 *(.lfuse)
 *(.hfuse)
 *(.efuse)

.lock
 *(.lock*)

.signature
 *(.signature*)

.stab
 *(.stab)

.stabstr
 *(.stabstr)

.stab.excl
 *(.stab.excl)

.stab.exclstr
 *(.stab.exclstr)

.stab.index
 *(.stab.index)

.stab.indexstr
 *(.stab.indexstr)

.comment
 *(.comment)

.debug
 *(.debug)

.line
 *(.line)

.debug_srcinfo
 *(.debug_srcinfo)

.debug_sfnames
 *(.debug_sfnames)

.debug_aranges
 *(.debug_aranges)

.debug_pubnames
 *(.debug_pubnames)

.debug_info
 *(.debug_info)
 *(.gnu.linkonce.wi.*)

.debug_abbrev
 *(.debug_abbrev)

.debug_line
 *(.debug_line)

.debug_frame
 *(.debug_frame)

.debug_str
 *(.debug_str)

.debug_loc
 *(.debug_loc)

.debug_macinfo
 *(.debug_macinfo)
OUTPUT(main.elf elf32-avr)
LOAD linker stubs

Cross Reference Table

Symbol                                            File
__bad_interrupt                                   e:/Develop/uC/AVR/WinAVR_Portable_V14_1/WinAVR-20100110/lib/gcc/avr/4.3.3/../../../../avr/lib/avr51/crtm1284p.o
__data_end                                        e:/Develop/uC/AVR/WinAVR_Portable_V14_1/WinAVR-20100110/lib/gcc/avr/4.3.3/../../../../avr/lib/avr51/crtm1284p.o
__data_load_start                                 e:/Develop/uC/AVR/WinAVR_Portable_V14_1/WinAVR-20100110/lib/gcc/avr/4.3.3/../../../../avr/lib/avr51/crtm1284p.o
__data_start                                      e:/Develop/uC/AVR/WinAVR_Portable_V14_1/WinAVR-20100110/lib/gcc/avr/4.3.3/../../../../avr/lib/avr51/crtm1284p.o
__do_copy_data                                    e:/Develop/uC/AVR/WinAVR_Portable_V14_1/WinAVR-20100110/lib/gcc/avr/4.3.3/../../../../avr/lib/avr51/crtm1284p.o
__heap_end                                        e:/Develop/uC/AVR/WinAVR_Portable_V14_1/WinAVR-20100110/lib/gcc/avr/4.3.3/../../../../avr/lib/avr51/crtm1284p.o
__init                                            e:/Develop/uC/AVR/WinAVR_Portable_V14_1/WinAVR-20100110/lib/gcc/avr/4.3.3/../../../../avr/lib/avr51/crtm1284p.o
__stack                                           e:/Develop/uC/AVR/WinAVR_Portable_V14_1/WinAVR-20100110/lib/gcc/avr/4.3.3/../../../../avr/lib/avr51/crtm1284p.o
__vector_1                                        e:/Develop/uC/AVR/WinAVR_Portable_V14_1/WinAVR-20100110/lib/gcc/avr/4.3.3/../../../../avr/lib/avr51/crtm1284p.o
__vector_10                                       e:/Develop/uC/AVR/WinAVR_Portable_V14_1/WinAVR-20100110/lib/gcc/avr/4.3.3/../../../../avr/lib/avr51/crtm1284p.o
__vector_11                                       e:/Develop/uC/AVR/WinAVR_Portable_V14_1/WinAVR-20100110/lib/gcc/avr/4.3.3/../../../../avr/lib/avr51/crtm1284p.o
__vector_12                                       e:/Develop/uC/AVR/WinAVR_Portable_V14_1/WinAVR-20100110/lib/gcc/avr/4.3.3/../../../../avr/lib/avr51/crtm1284p.o
__vector_13                                       e:/Develop/uC/AVR/WinAVR_Portable_V14_1/WinAVR-20100110/lib/gcc/avr/4.3.3/../../../../avr/lib/avr51/crtm1284p.o
__vector_14                                       e:/Develop/uC/AVR/WinAVR_Portable_V14_1/WinAVR-20100110/lib/gcc/avr/4.3.3/../../../../avr/lib/avr51/crtm1284p.o
__vector_15                                       e:/Develop/uC/AVR/WinAVR_Portable_V14_1/WinAVR-20100110/lib/gcc/avr/4.3.3/../../../../avr/lib/avr51/crtm1284p.o
__vector_16                                       e:/Develop/uC/AVR/WinAVR_Portable_V14_1/WinAVR-20100110/lib/gcc/avr/4.3.3/../../../../avr/lib/avr51/crtm1284p.o
__vector_17                                       e:/Develop/uC/AVR/WinAVR_Portable_V14_1/WinAVR-20100110/lib/gcc/avr/4.3.3/../../../../avr/lib/avr51/crtm1284p.o
__vector_18                                       e:/Develop/uC/AVR/WinAVR_Portable_V14_1/WinAVR-20100110/lib/gcc/avr/4.3.3/../../../../avr/lib/avr51/crtm1284p.o
__vector_19                                       e:/Develop/uC/AVR/WinAVR_Portable_V14_1/WinAVR-20100110/lib/gcc/avr/4.3.3/../../../../avr/lib/avr51/crtm1284p.o
__vector_2                                        e:/Develop/uC/AVR/WinAVR_Portable_V14_1/WinAVR-20100110/lib/gcc/avr/4.3.3/../../../../avr/lib/avr51/crtm1284p.o
__vector_20                                       e:/Develop/uC/AVR/WinAVR_Portable_V14_1/WinAVR-20100110/lib/gcc/avr/4.3.3/../../../../avr/lib/avr51/crtm1284p.o
__vector_21                                       e:/Develop/uC/AVR/WinAVR_Portable_V14_1/WinAVR-20100110/lib/gcc/avr/4.3.3/../../../../avr/lib/avr51/crtm1284p.o
__vector_22                                       e:/Develop/uC/AVR/WinAVR_Portable_V14_1/WinAVR-20100110/lib/gcc/avr/4.3.3/../../../../avr/lib/avr51/crtm1284p.o
__vector_23                                       e:/Develop/uC/AVR/WinAVR_Portable_V14_1/WinAVR-20100110/lib/gcc/avr/4.3.3/../../../../avr/lib/avr51/crtm1284p.o
__vector_24                                       e:/Develop/uC/AVR/WinAVR_Portable_V14_1/WinAVR-20100110/lib/gcc/avr/4.3.3/../../../../avr/lib/avr51/crtm1284p.o
__vector_25                                       e:/Develop/uC/AVR/WinAVR_Portable_V14_1/WinAVR-20100110/lib/gcc/avr/4.3.3/../../../../avr/lib/avr51/crtm1284p.o
__vector_26                                       e:/Develop/uC/AVR/WinAVR_Portable_V14_1/WinAVR-20100110/lib/gcc/avr/4.3.3/../../../../avr/lib/avr51/crtm1284p.o
__vector_27                                       e:/Develop/uC/AVR/WinAVR_Portable_V14_1/WinAVR-20100110/lib/gcc/avr/4.3.3/../../../../avr/lib/avr51/crtm1284p.o
__vector_28                                       e:/Develop/uC/AVR/WinAVR_Portable_V14_1/WinAVR-20100110/lib/gcc/avr/4.3.3/../../../../avr/lib/avr51/crtm1284p.o
__vector_29                                       e:/Develop/uC/AVR/WinAVR_Portable_V14_1/WinAVR-20100110/lib/gcc/avr/4.3.3/../../../../avr/lib/avr51/crtm1284p.o
__vector_3                                        e:/Develop/uC/AVR/WinAVR_Portable_V14_1/WinAVR-20100110/lib/gcc/avr/4.3.3/../../../../avr/lib/avr51/crtm1284p.o
__vector_30                                       e:/Develop/uC/AVR/WinAVR_Portable_V14_1/WinAVR-20100110/lib/gcc/avr/4.3.3/../../../../avr/lib/avr51/crtm1284p.o
__vector_31                                       e:/Develop/uC/AVR/WinAVR_Portable_V14_1/WinAVR-20100110/lib/gcc/avr/4.3.3/../../../../avr/lib/avr51/crtm1284p.o
__vector_32                                       e:/Develop/uC/AVR/WinAVR_Portable_V14_1/WinAVR-20100110/lib/gcc/avr/4.3.3/../../../../avr/lib/avr51/crtm1284p.o
__vector_33                                       e:/Develop/uC/AVR/WinAVR_Portable_V14_1/WinAVR-20100110/lib/gcc/avr/4.3.3/../../../../avr/lib/avr51/crtm1284p.o
__vector_34                                       e:/Develop/uC/AVR/WinAVR_Portable_V14_1/WinAVR-20100110/lib/gcc/avr/4.3.3/../../../../avr/lib/avr51/crtm1284p.o
__vector_4                                        e:/Develop/uC/AVR/WinAVR_Portable_V14_1/WinAVR-20100110/lib/gcc/avr/4.3.3/../../../../avr/lib/avr51/crtm1284p.o
__vector_5                                        e:/Develop/uC/AVR/WinAVR_Portable_V14_1/WinAVR-20100110/lib/gcc/avr/4.3.3/../../../../avr/lib/avr51/crtm1284p.o
__vector_6                                        e:/Develop/uC/AVR/WinAVR_Portable_V14_1/WinAVR-20100110/lib/gcc/avr/4.3.3/../../../../avr/lib/avr51/crtm1284p.o
__vector_7                                        e:/Develop/uC/AVR/WinAVR_Portable_V14_1/WinAVR-20100110/lib/gcc/avr/4.3.3/../../../../avr/lib/avr51/crtm1284p.o
__vector_8                                        e:/Develop/uC/AVR/WinAVR_Portable_V14_1/WinAVR-20100110/lib/gcc/avr/4.3.3/../../../../avr/lib/avr51/crtm1284p.o
__vector_9                                        e:/Develop/uC/AVR/WinAVR_Portable_V14_1/WinAVR-20100110/lib/gcc/avr/4.3.3/../../../../avr/lib/avr51/crtm1284p.o
__vector_default                                  e:/Develop/uC/AVR/WinAVR_Portable_V14_1/WinAVR-20100110/lib/gcc/avr/4.3.3/../../../../avr/lib/avr51/crtm1284p.o
__vectors                                         e:/Develop/uC/AVR/WinAVR_Portable_V14_1/WinAVR-20100110/lib/gcc/avr/4.3.3/../../../../avr/lib/avr51/crtm1284p.o
_exit                                             e:/Develop/uC/AVR/WinAVR_Portable_V14_1/WinAVR-20100110/lib/gcc/avr/4.3.3/avr51\libgcc.a(_exit.o)
exit                                              e:/Develop/uC/AVR/WinAVR_Portable_V14_1/WinAVR-20100110/lib/gcc/avr/4.3.3/avr51\libgcc.a(_exit.o)
                                                  e:/Develop/uC/AVR/WinAVR_Portable_V14_1/WinAVR-20100110/lib/gcc/avr/4.3.3/../../../../avr/lib/avr51/crtm1284p.o
main                                              main.o
                                                  e:/Develop/uC/AVR/WinAVR_Portable_V14_1/WinAVR-20100110/lib/gcc/avr/4.3.3/../../../../avr/lib/avr51/crtm1284p.o
