   1               		.file	"main.c"
   2               	__SREG__ = 0x3f
   3               	__SP_H__ = 0x3e
   4               	__SP_L__ = 0x3d
   5               	__CCP__  = 0x34
   6               	__tmp_reg__ = 0
   7               	__zero_reg__ = 1
   8               		.text
   9               	.global	main
  11               	main:
  12               	/* prologue: function */
  13               	/* frame size = 0 */
  14               	.L2:
  15               	/* #APP */
  16               	 ;  22 "main.c" 1
  17 0000 0000      		nop
  18               	 ;  0 "" 2
  19               	/* #NOAPP */
  20 0002 00C0      		rjmp .L2
DEFINED SYMBOLS
                            *ABS*:00000000 main.c
  D:\TEMP/ccNmJQGB.s:2      *ABS*:0000003f __SREG__
  D:\TEMP/ccNmJQGB.s:3      *ABS*:0000003e __SP_H__
  D:\TEMP/ccNmJQGB.s:4      *ABS*:0000003d __SP_L__
  D:\TEMP/ccNmJQGB.s:5      *ABS*:00000034 __CCP__
  D:\TEMP/ccNmJQGB.s:6      *ABS*:00000000 __tmp_reg__
  D:\TEMP/ccNmJQGB.s:7      *ABS*:00000001 __zero_reg__
  D:\TEMP/ccNmJQGB.s:11     .text:00000000 main

NO UNDEFINED SYMBOLS
